t,f,2,1,0
true
false
2
1
0


!true, !false
false
true

11,10,11.3,10.3
11
10
11.3
10.3


10,0
10
0

true, false, true, false
true
false
true
false


false, true
false
true
