start test -------------------->
Infinity
-Infinity
should all be true
---numbers---
true
true
true
true
true
true
true
true
true
true
---strings---
true
true
true
true



should all be false
---numbers---
false
false
false
false
false
false
false
false
false
false
---strings---
false
false



finish test <--------------------
