true
false
0
false
true
true
false
false
false
frednull
hello world
Hello World
Bob's string is single quote
Sally likes to "Double Quote"


Super
Bowl
Victory
100
-100
-100
10000
10000
false
true
true
undefined
NaN
NaN
NaN
NaN
true
undefined
1Fred
Fred1
2
11
Fred smells funny
2
2
false
false
true

true
false
false

true
false
false
true
true
false
false
false
true
false
true
false
false
true
true
false
false
true
true
false
true
false
false
true
false
false
true
false
false
true
true
false
