0
0
0.12345
54321.12345
1000
1000
0.001
0.001
1000
1000
4
6
15
15
11259375
11259375
105974478
105974478
121781215
121781215
NaN
