double quotes
single quotes
'double with single
"single with double
newline
dq
newline
sq
aa
a10
10a
0xff10
true
false
34hello
hello 105910
