1e-9
100000000000
101000000000
1000000000
0.1
1
1.1
