Syntax Error: Break exists without loop at Line 3
Syntax Error: Continue exists without loop at Line 5
