ReferenceError: x is not defined
42
ReferenceError: x is not defined
