0
5
1999
5
10
5
9
1918
4
1999
1066
3
1999
1066
2
1999
1066
1
1999
1066
