starting ----------------->
20
undefined
undefined
false
finished <-----------------
