ReferenceError: x is not defined
finally
42
finally
