ten = undefined
this shouldn't print
Finally print something.
Finally finished.
